// Jest Snapshot v1, https://goo.gl/fbAQLP

exports[`Channel Avatar should render avatar with correct color 1`] = `
<DocumentFragment>
  <div
    class="MuiAvatar-root MuiAvatar-circle makeStyles-colorAvatar-1 makeStyles-colorAvatar-2 MuiAvatar-colorDefault"
  >
    ABC
  </div>
</DocumentFragment>
`;
