// Jest Snapshot v1, https://goo.gl/fbAQLP

exports[`Channel List should render channel list correctly with data 1`] = `[Function]`;
