// Jest Snapshot v1, https://goo.gl/fbAQLP

exports[`List Search should render correct ListSearch 1`] = `
<DocumentFragment>
  <div
    class="makeStyles-container-1"
  >
    <div
      class="MuiInputBase-root MuiInput-root MuiInput-underline makeStyles-input-2"
    >
      <input
        aria-label="undefined"
        class="MuiInputBase-input MuiInput-input"
        type="text"
        value=""
      />
    </div>
  </div>
</DocumentFragment>
`;
