// Jest Snapshot v1, https://goo.gl/fbAQLP

exports[`Section Header renders section header correctly 1`] = `
<DocumentFragment>
  <div
    class="MuiGrid-root makeStyles-sectionContainer-1 MuiGrid-container MuiGrid-align-items-xs-center"
  >
    <div
      class="MuiGrid-root MuiGrid-item"
    >
      <nav
        aria-label="breadcrumbs"
        class="MuiTypography-root MuiBreadcrumbs-root MuiTypography-body1 MuiTypography-colorTextSecondary"
      >
        <ol
          class="MuiBreadcrumbs-ol"
        >
          <li
            class="MuiBreadcrumbs-li"
          >
            <span
              class="MuiBox-root MuiBox-root-3 makeStyles-breadCrumbsItem-2"
            >
              <a
                class="MuiTypography-root MuiLink-root MuiLink-underlineHover MuiTypography-colorPrimary"
                href="/apps"
              >
                Applications
              </a>
            </span>
          </li>
          <li
            aria-hidden="true"
            class="MuiBreadcrumbs-separator"
          >
            <svg
              aria-hidden="true"
              class="MuiSvgIcon-root MuiSvgIcon-fontSizeSmall"
              focusable="false"
              viewBox="0 0 24 24"
            >
              <path
                d="M10 6L8.59 7.41 13.17 12l-4.58 4.59L10 18l6-6z"
              />
            </svg>
          </li>
          <li
            class="MuiBreadcrumbs-li"
          >
            <p
              class="MuiTypography-root MuiTypography-body1 MuiTypography-colorTextPrimary"
            >
              Flatcar
            </p>
          </li>
        </ol>
      </nav>
    </div>
  </div>
</DocumentFragment>
`;
