// Jest Snapshot v1, https://goo.gl/fbAQLP

exports[`Application Item should render item correctly for no data 1`] = `
<DocumentFragment>
  <li
    class="MuiListItem-root makeStyles-root-1 MuiListItem-divider makeStyles-divider-3"
    data-testid="list-item"
  >
    <div
      class="MuiGrid-root MuiGrid-container"
    >
      <div
        class="MuiGrid-root MuiGrid-item MuiGrid-grid-xs-12"
      >
        <div
          class="MuiGrid-root makeStyles-gridHeader-4 MuiGrid-container MuiGrid-justify-xs-space-between"
        >
          <div
            class="MuiGrid-root MuiGrid-container MuiGrid-spacing-xs-1 MuiGrid-item MuiGrid-align-items-xs-center MuiGrid-justify-xs-space-between"
          >
            <div
              class="MuiGrid-root MuiGrid-item MuiGrid-grid-xs-12"
            >
              <h2
                class="MuiTypography-root MuiTypography-h2"
              >
                <a
                  class="MuiTypography-root MuiLink-root MuiLink-underlineHover makeStyles-mainLink-6 MuiTypography-colorPrimary"
                  href="/apps/123"
                >
                  ABC
                </a>
              </h2>
            </div>
            <div
              class="MuiGrid-root MuiGrid-item MuiGrid-grid-xs-12"
            >
              <div
                class="MuiBox-root MuiBox-root-13"
              >
                <p
                  arial-label="group-id"
                  class="MuiTypography-root makeStyles-idLabel-9 MuiTypography-body1 MuiTypography-noWrap"
                >
                  123
                </p>
              </div>
              <div
                class="MuiBox-root MuiBox-root-15"
              >
                <span
                  class="MuiTypography-root makeStyles-descriptionLabel-8 MuiTypography-body1"
                >
                  No description provided
                </span>
              </div>
            </div>
          </div>
          <div
            class="MuiGrid-root MuiGrid-item"
          >
            <div>
              <button
                aria-controls="simple-menu-1"
                aria-haspopup="true"
                aria-label="Open menu"
                class="MuiButtonBase-root MuiIconButton-root MuiIconButton-edgeEnd"
                data-testid="more-menu-open-button"
                tabindex="0"
                type="button"
              >
                <span
                  class="MuiIconButton-label"
                >
                  <svg
                    aria-hidden="true"
                    class="MuiSvgIcon-root"
                    focusable="false"
                    viewBox="0 0 24 24"
                  >
                    <path
                      d="M12 8c1.1 0 2-.9 2-2s-.9-2-2-2-2 .9-2 2 .9 2 2 2zm0 2c-1.1 0-2 .9-2 2s.9 2 2 2 2-.9 2-2-.9-2-2-2zm0 6c-1.1 0-2 .9-2 2s.9 2 2 2 2-.9 2-2-.9-2-2-2z"
                    />
                  </svg>
                </span>
                <span
                  class="MuiTouchRipple-root"
                />
              </button>
            </div>
          </div>
        </div>
        <hr
          class="MuiDivider-root makeStyles-innerDivider-10 MuiDivider-light"
        />
      </div>
      <div
        class="MuiGrid-root MuiGrid-item MuiGrid-grid-xs-12"
      >
        <div
          class="MuiGrid-root makeStyles-itemSection-2 MuiGrid-container"
        >
          <div
            class="MuiGrid-root MuiGrid-item MuiGrid-grid-xs-4"
          >
            <div
              class="MuiBox-root MuiBox-root-16"
            >
              <span
                class="MuiTypography-root makeStyles-featureLabel-7 MuiTypography-body1"
              >
                INSTANCES
              </span>
              <span
                class="MuiTypography-root makeStyles-label-11 makeStyles-label-18 MuiTypography-body1"
              >
                <h5
                  class="MuiTypography-root MuiTypography-h5"
                >
                  None
                </h5>
                <div
                  class="MuiBox-root MuiBox-root-19"
                >
                  <svg
                    aria-hidden="true"
                    class="MuiSvgIcon-root MuiSvgIcon-colorDisabled"
                    focusable="false"
                    viewBox="0 0 24 24"
                  >
                    <path
                      d="M11.99 2C6.47 2 2 6.48 2 12s4.47 10 9.99 10C17.52 22 22 17.52 22 12S17.52 2 11.99 2zM12 20c-4.42 0-8-3.58-8-8s3.58-8 8-8 8 3.58 8 8-3.58 8-8 8z"
                    />
                    <path
                      d="M12.5 7H11v6l5.25 3.15.75-1.23-4.5-2.67z"
                    />
                  </svg>
                  <div
                    class="MuiBox-root MuiBox-root-20"
                  >
                    <h6
                      class="MuiTypography-root MuiTypography-subtitle1"
                    >
                      last 24 hours
                    </h6>
                  </div>
                </div>
              </span>
            </div>
          </div>
          <div
            class="MuiBox-root MuiBox-root-21"
          >
            <hr
              class="MuiDivider-root MuiDivider-vertical"
            />
          </div>
          <div
            class="MuiGrid-root MuiGrid-item MuiGrid-grid-xs-7"
          >
            <div
              class="MuiBox-root MuiBox-root-22"
            >
              <span
                class="MuiTypography-root makeStyles-featureLabel-7 MuiTypography-body1"
              >
                Groups
              </span>
              <div
                class="MuiBox-root MuiBox-root-24"
              >
                <span
                  class="MuiTypography-root makeStyles-label-11 makeStyles-label-25 MuiTypography-body1"
                >
                  None
                </span>
              </div>
            </div>
          </div>
        </div>
      </div>
    </div>
  </li>
</DocumentFragment>
`;
